[36mvite v5.4.19 [32mbuilding for production...[36m[39m
transforming...
node.exe : Browserslist: browsers data 
(caniuse-lite) is 9 months old. Please run:
At C:\Program Files\nodejs\npx.ps1:29 char:3
+   & $NODE_EXE $NPX_CLI_JS $args
+   ~~~~~~~~~~~~~~~~~~~~~~~~~~~~~
    + CategoryInfo          : NotSpecified: (Brow 
   serslist: b...ld. Please run::String) [], Rem  
  oteException
    + FullyQualifiedErrorId : NativeCommandError
 
  npx update-browserslist-db@latest
  Why you should do it regularly: 
https://github.com/browserslist/update-db#readme

[1m[33mwarn[39m[22m - The class 
`duration-[8s]` is ambiguous and matches multiple 
utilities.
[1m[33mwarn[39m[22m - If this is content and 
not a class, replace it with 
`duration-&lsqb;8s&rsqb;` to silence this warning.
[32mΓ£ô[39m 6 modules transformed.
[31mx[39m Build failed in 1.59s
[31merror during build:
[31m[vite:esbuild] Transform failed with 1 error:
D:/appzeto project/Styling with Muskan/frontend/sr
c/modules/user/contexts/AuthContext.jsx:137:0: 
ERROR: Unexpected "export"[31m
file: [36mD:/appzeto project/Styling with Muskan/
frontend/src/modules/user/contexts/AuthContext.jsx
:137:0[31m
[33m
[33mUnexpected "export"[33m
135|  };
136|  
137|  export const useAuth = () => {
   |  ^
138|      const context = useContext(AuthContext);
139|      if (!context) throw new Error('useAuth 
must be used within an AuthProvider');
[31m
    at failureErrorWithLog (D:\appzeto 
project\Styling with Muskan\frontend\node_modules\
esbuild\lib\main.js:1472:15)
    at D:\appzeto project\Styling with Muskan\fron
tend\node_modules\esbuild\lib\main.js:755:50
    at responseCallbacks.<computed> (D:\appzeto 
project\Styling with Muskan\frontend\node_modules\
esbuild\lib\main.js:622:9)
    at handleIncomingPacket (D:\appzeto 
project\Styling with Muskan\frontend\node_modules\
esbuild\lib\main.js:677:12)
    at Socket.readFromStdout (D:\appzeto 
project\Styling with Muskan\frontend\node_modules\
esbuild\lib\main.js:600:7)
    at Socket.emit (node:events:507:28)
    at addChunk 
(node:internal/streams/readable:559:12)
    at readableAddChunkPushByteMode 
(node:internal/streams/readable:510:3)
    at Readable.push 
(node:internal/streams/readable:390:5)
    at Pipe.onStreamRead 
(node:internal/stream_base_commons:189:23)[39m
